// Jest Snapshot v1, https://goo.gl/fbAQLP

exports[`Error tests renders correctly 1`] = `
<div>
  <div
    class="errorContainer"
  >
    <img
      alt="Family and Pets"
      class="imgAtBack"
      src="https://github.com/viobai/seainfo6150-final-project-webapp/blob/master/src/images/errorImg.png?raw=true"
    />
    <h1>
      404
    </h1>
    <p>
      Oops, the page you are looking for does not exist.
    </p>
    <p>
      Feel free to shoot us an email at
      <span>
         
        <a
          class="email"
          href="mailto:rescuePrjHumane-tech@placeholder.com"
        >
          rescuePrjHumane-tech@placeholder.com
        </a>
         
      </span>
      if you think something is broken.
    </p>
    <a
      class="petListBtn"
      href="/petlist"
    >
      <span>
        View All Pets
      </span>
       
      <span
        class="petIcon"
      >
        <svg
          aria-hidden="true"
          class="MuiSvgIcon-root"
          focusable="false"
          viewBox="0 0 24 24"
        >
          <circle
            cx="4.5"
            cy="9.5"
            r="2.5"
          />
          <circle
            cx="9"
            cy="5.5"
            r="2.5"
          />
          <circle
            cx="15"
            cy="5.5"
            r="2.5"
          />
          <circle
            cx="19.5"
            cy="9.5"
            r="2.5"
          />
          <path
            d="M17.34 14.86c-.87-1.02-1.6-1.89-2.48-2.91-.46-.54-1.05-1.08-1.75-1.32-.11-.04-.22-.07-.33-.09-.25-.04-.52-.04-.78-.04s-.53 0-.79.05c-.11.02-.22.05-.33.09-.7.24-1.28.78-1.75 1.32-.87 1.02-1.6 1.89-2.48 2.91-1.31 1.31-2.92 2.76-2.62 4.79.29 1.02 1.02 2.03 2.33 2.32.73.15 3.06-.44 5.54-.44h.18c2.48 0 4.81.58 5.54.44 1.31-.29 2.04-1.31 2.33-2.32.31-2.04-1.3-3.49-2.61-4.8z"
          />
        </svg>
      </span>
    </a>
  </div>
</div>
`;
